Microchip MPLAB XC8 Compiler V2.32

Linker command line:

-W-3 --edf=C:\Program Files\Microchip\xc8\v2.32\pic\dat\en_msgs.txt -cn \
  -h+dist/default/production\Trabalho_Final.X.production.sym \
  --cmf=dist/default/production\Trabalho_Final.X.production.cmf -z \
  -Q16F877A -oC:\Users\mathe\AppData\Local\Temp\xcAs7d4.4 \
  --defsym=__MPLAB_BUILD=1 \
  -Mdist/default/production/Trabalho_Final.X.production.map -E1 \
  -ver=XC8 Compiler --acfsm=1493 -ASTACK=0110h-016Fh -pstack=STACK \
  -ACODE=00h-07FFhx4 -ASTRCODE=00h-01FFFh -ASTRING=00h-0FFhx32 \
  -ACONST=00h-0FFhx32 -AENTRY=00h-0FFhx32 -ACOMMON=070h-07Fh \
  -ABANK0=020h-06Fh -ABANK1=0A0h-0EFh -ABANK2=0110h-016Fh \
  -ABANK3=0190h-01EFh -ARAM=020h-06Fh,0A0h-0EFh,0110h-016Fh,0190h-01EFh \
  -AABS1=020h-07Fh,0A0h-0EFh,0110h-016Fh,0190h-01EFh -ASFR0=00h-01Fh \
  -ASFR1=080h-09Fh -ASFR2=0100h-010Fh -ASFR3=0180h-018Fh \
  -ACONFIG=02007h-02007h -DCONFIG=2 -AIDLOC=02000h-02003h -DIDLOC=2 \
  -AEEDATA=00h-0FFh/02100h -peeprom_data=EEDATA -DEEDATA=2 -DCODE=2 \
  -DSTRCODE=2 -DSTRING=2 -DCONST=2 -DENTRY=2 \
  -preset_vec=00h,intentry=04h,init,end_init -ppowerup=CODE -pcinit=CODE \
  -pfunctab=ENTRY -k C:\Users\mathe\AppData\Local\Temp\xcAs7d4.o \
  dist/default/production\Trabalho_Final.X.production.o 

Object code version is 3.11

Machine type is 16F877A



                Name                               Link     Load   Length Selector   Space Scale
C:\Users\mathe\AppData\Local\Temp\xcAs7d4.o
                end_init                             12       12        3        8       0
                reset_vec                             0        0        3        0       0
                config                             2007     2007        1        0       4
dist/default/production\Trabalho_Final.X.production.o
                cinit                                15       15       1A        8       0
                intentry                              4        4        E        8       0
                config                             2007     2007        1        0       4
                text27                              D89      D89       22     1B12       0
                text26                              D2E      D2E       1A     1A5C       0
                text25                              CBA      CBA        D     1974       0
                text24                              FAE      FAE       52     1F5C       0
                text23                              E7B      E7B       37     1CF6       0
                text22                              D68      D68       21     1AD0       0
                text21                              6D1      6D1       7A        8       0
                text20                              F6A      F6A       44     1ED4       0
                text19                              EB2      EB2       3A     1D64       0
                text18                              3A9      3A9       E8        8       0
                text17                              491      491       E0        8       0
                text16                              DAB      DAB       26     1B56       0
                text15                              DD1      DD1       26     1BA2       0
                text14                              F28      F28       42     1E50       0
                text13                              E45      E45       36     1C8A       0
                text12                              D48      D48       20     1A90       0
                text11                              74B      74B       63        8       0
                text10                              62D      62D       A4        8       0
                text9                               CDA      CDA       15     19B4       0
                text8                               CEF      CEF       15     19DE       0
                text7                               D04      D04       15     1A08       0
                text6                               D19      D19       15     1A32       0
                text5                               DF7      DF7       27     1BEE       0
                text4                               7AE      7AE       52        8       0
                text3                               571      571       BC        8       0
                text2                               210      210      199        8       0
                text1                               E1E      E1E       27     1C3C       0
                maintext                             2F       2F      1E1        8       0
                cstackBANK0                          3C       3C       1C       20       1
                cstackCOMMON                         70       70        E       70       1
                cstackBANK1                          DC       DC       12       A0       1
                cstackBANK3                         190      190        3      190       1
                clrtext                             CB2      CB2        8     1964       0
                inittext                            CC7      CC7       13     198E       0
                dataBANK1                            A0       A0       3C       A0       1
                bssBANK0                             20       20       1C       20       1
                strings                             800      800       38     1000       0
                idataBANK1                          EEC      EEC       3C     1DD8       0

TOTAL           Name                               Link     Load   Length     Space
        CLASS   STACK          

        CLASS   CODE           
                end_init                             12       12        3         0
                cinit                                15       15       1A         0
                intentry                              4        4        E         0
                reset_vec                             0        0        3         0
                text27                              D89      D89       22         0
                text26                              D2E      D2E       1A         0
                text25                              CBA      CBA        D         0
                text24                              FAE      FAE       52         0
                text23                              E7B      E7B       37         0
                text22                              D68      D68       21         0
                text21                              6D1      6D1       7A         0
                text20                              F6A      F6A       44         0
                text19                              EB2      EB2       3A         0
                text18                              3A9      3A9       E8         0
                text17                              491      491       E0         0
                text16                              DAB      DAB       26         0
                text15                              DD1      DD1       26         0
                text14                              F28      F28       42         0
                text13                              E45      E45       36         0
                text12                              D48      D48       20         0
                text11                              74B      74B       63         0
                text10                              62D      62D       A4         0
                text9                               CDA      CDA       15         0
                text8                               CEF      CEF       15         0
                text7                               D04      D04       15         0
                text6                               D19      D19       15         0
                text5                               DF7      DF7       27         0
                text4                               7AE      7AE       52         0
                text3                               571      571       BC         0
                text2                               210      210      199         0
                text1                               E1E      E1E       27         0
                maintext                             2F       2F      1E1         0
                clrtext                             CB2      CB2        8         0
                inittext                            CC7      CC7       13         0
                idataBANK1                          EEC      EEC       3C         0

        CLASS   STRCODE        

        CLASS   STRING         
                strings                             800      800       38         0

        CLASS   CONST          

        CLASS   ENTRY          

        CLASS   COMMON         
                cstackCOMMON                         70       70        E         1

        CLASS   BANK0          
                cstackBANK0                          3C       3C       1C         1
                bssBANK0                             20       20       1C         1

        CLASS   BANK1          
                cstackBANK1                          DC       DC       12         1
                dataBANK1                            A0       A0       3C         1

        CLASS   BANK2          

        CLASS   BANK3          
                cstackBANK3                         190      190        3         1

        CLASS   RAM            

        CLASS   ABS1           
                abs_s1                               7E       7E        2         1

        CLASS   SFR0           

        CLASS   SFR1           

        CLASS   SFR2           

        CLASS   SFR3           

        CLASS   CONFIG         
                config                             2007     2007        1         4

        CLASS   IDLOC          

        CLASS   EEDATA         



SEGMENTS        Name                           Load    Length   Top    Selector   Space  Class     Delta

                reset_vec                      000000  000003  000003         0       0  CODE        2
                intentry                       000004  0007FC  000800         8       0  CODE        2
                bssBANK0                       000020  000038  000058        20       1  BANK0       1
                cstackCOMMON                   000070  00000E  00007E        70       1  COMMON      1
                dataBANK1                      0000A0  00004E  0000EE        A0       1  BANK1       1
                cstackBANK3                    000190  000003  000193       190       1  BANK3       1
                strings                        000800  000038  000838      1000       0  STRING      2
                clrtext                        000CB2  000008  000CBA      1964       0  CODE        2
                text25                         000CBA  00000D  000CC7      1974       0  CODE        2
                inittext                       000CC7  000013  000CDA      198E       0  CODE        2
                text9                          000CDA  000015  000CEF      19B4       0  CODE        2
                text8                          000CEF  000015  000D04      19DE       0  CODE        2
                text7                          000D04  000015  000D19      1A08       0  CODE        2
                text6                          000D19  000015  000D2E      1A32       0  CODE        2
                text26                         000D2E  00001A  000D48      1A5C       0  CODE        2
                text12                         000D48  000020  000D68      1A90       0  CODE        2
                text22                         000D68  000021  000D89      1AD0       0  CODE        2
                text27                         000D89  000022  000DAB      1B12       0  CODE        2
                text16                         000DAB  000026  000DD1      1B56       0  CODE        2
                text15                         000DD1  000026  000DF7      1BA2       0  CODE        2
                text5                          000DF7  000027  000E1E      1BEE       0  CODE        2
                text1                          000E1E  000027  000E45      1C3C       0  CODE        2
                text13                         000E45  000036  000E7B      1C8A       0  CODE        2
                text23                         000E7B  000037  000EB2      1CF6       0  CODE        2
                text19                         000EB2  00003A  000EEC      1D64       0  CODE        2
                idataBANK1                     000EEC  00003C  000F28      1DD8       0  CODE        2
                text14                         000F28  000042  000F6A      1E50       0  CODE        2
                text20                         000F6A  000044  000FAE      1ED4       0  CODE        2
                text24                         000FAE  000052  001000      1F5C       0  CODE        2


UNUSED ADDRESS RANGES

        Name                Unused          Largest block    Delta
        BANK0            0058-006F             18           1
        BANK1            00EE-00EF              2           1
        BANK2            0110-016F             60           1
        BANK3            0193-01EF             5D           1
        CODE             0003-0003              1           2
                         0838-0CB1            47A
                         1000-1FFF            800
        CONST            0003-0003              1           2
                         0838-0CB1            100
                         1000-1FFF            100
        EEDATA           2100-21FF            100           2
        ENTRY            0003-0003              1           2
                         0838-0CB1            100
                         1000-1FFF            100
        IDLOC            2000-2003              4           2
        RAM              0058-006F             18           1
                         00EE-00EF              2
                         0110-016F             60
                         0193-01EF             5D
        SFR0             0000-001F             20           1
        SFR1             0080-009F             20           1
        SFR2             0100-010F             10           1
        SFR3             0180-018F             10           1
        STACK            0110-016F             60           1
        STRCODE          0003-0003              1           2
                         0838-0CB1            47A
                         1000-1FFF           1000
        STRING           0003-0003              1           2
                         0838-0CB1            100
                         1000-1FFF            100

                                  Symbol Table

?___fltol                  cstackCOMMON 0070
?___lwdiv                  cstackCOMMON 0070
?___lwmod                  cstackCOMMON 0078
?___xxtofl                 cstackBANK1  00DC
?_sprintf                  cstackBANK0  003C
Lcd_Cmd@a                  cstackBANK1  00DF
Lcd_Port@a                 cstackBANK1  00DC
Lcd_Set_Cursor@a           cstackCOMMON 0077
Lcd_Set_Cursor@b           cstackCOMMON 0074
Lcd_Set_Cursor@temp        cstackCOMMON 007A
Lcd_Set_Cursor@y           cstackCOMMON 0079
Lcd_Set_Cursor@z           cstackCOMMON 0078
Lcd_Write_Char@a           cstackCOMMON 0074
Lcd_Write_Char@temp        cstackCOMMON 0072
Lcd_Write_Char@y           cstackCOMMON 0073
Lcd_Write_String@a         cstackCOMMON 0078
Lcd_Write_String@i         cstackCOMMON 0076
_ADCON0bits                (abs)        001F
_ADCON1bits                (abs)        009F
_ADRESH                    (abs)        001E
_ADRESL                    (abs)        009E
_INTCONbits                (abs)        000B
_INTF                      (abs)        0059
_Lcd_Clear                 text25       0CBA
_Lcd_Cmd                   text12       0D48
_Lcd_Init                  text11       074B
_Lcd_Port                  text13       0E45
_Lcd_Set_Cursor            text24       0FAE
_Lcd_Write_Char            text23       0E7B
_Lcd_Write_String          text22       0D68
_OPTION_REGbits            (abs)        0081
_PIE1bits                  (abs)        008C
_PORTBbits                 (abs)        0006
_PORTCbits                 (abs)        0007
_PORTDbits                 (abs)        0008
_RB1                       (abs)        0031
_RB2                       (abs)        0032
_RB4                       (abs)        0034
_RB5                       (abs)        0035
_RB6                       (abs)        0036
_RB7                       (abs)        0037
_RC0                       (abs)        0038
_RC1                       (abs)        0039
_RC2                       (abs)        003A
_RC3                       (abs)        003B
_RC4                       (abs)        003C
_RC5                       (abs)        003D
_RC6                       (abs)        003E
_RC7                       (abs)        003F
_RD0                       (abs)        0040
_RD1                       (abs)        0041
_RD2                       (abs)        0042
_RD3                       (abs)        0043
_RD4                       (abs)        0044
_RD5                       (abs)        0045
_RD6                       (abs)        0046
_RD7                       (abs)        0047
_T1CONbits                 (abs)        0010
_TMR1H                     (abs)        000F
_TMR1IF                    (abs)        0060
_TMR1L                     (abs)        000E
_TRISA                     (abs)        0085
_TRISBbits                 (abs)        0086
_TRISC                     (abs)        0087
_TRISD                     (abs)        0088
_TrataINT                  text14       0F28
__Habs1                    abs1         0000
__Hbank0                   bank0        0000
__Hbank1                   bank1        0000
__Hbank2                   bank2        0000
__Hbank3                   bank3        0000
__HbssBANK0                bssBANK0     0000
__Hcinit                   cinit        002F
__Hclrtext                 clrtext      0000
__Hcode                    code         0000
__Hcommon                  common       0000
__Hconfig                  config       2008
__HcstackBANK0             cstackBANK0  0000
__HcstackBANK1             cstackBANK1  0000
__HcstackBANK3             cstackBANK3  0000
__HcstackCOMMON            cstackCOMMON 0000
__HdataBANK1               dataBANK1    0000
__Heeprom_data             eeprom_data  0000
__Hend_init                end_init     0015
__Hfunctab                 functab      0000
__HidataBANK1              idataBANK1   0000
__Hinit                    init         0012
__Hinittext                inittext     0000
__Hintentry                intentry     0012
__Hmaintext                maintext     0000
__Hpowerup                 powerup      0000
__Hram                     ram          0000
__Hreset_vec               reset_vec    0003
__Hsfr0                    sfr0         0000
__Hsfr1                    sfr1         0000
__Hsfr2                    sfr2         0000
__Hsfr3                    sfr3         0000
__Hspace_0                 (abs)        1000
__Hspace_1                 (abs)        0193
__Hspace_2                 (abs)        0000
__Hspace_3                 (abs)        0000
__Hspace_4                 (abs)        400F
__Hstack                   stack        0000
__Hstrings                 strings      0000
__Htext                    text         0000
__Labs1                    abs1         0000
__Lbank0                   bank0        0000
__Lbank1                   bank1        0000
__Lbank2                   bank2        0000
__Lbank3                   bank3        0000
__LbssBANK0                bssBANK0     0000
__Lcinit                   cinit        0015
__Lclrtext                 clrtext      0000
__Lcode                    code         0000
__Lcommon                  common       0000
__Lconfig                  config       0000
__LcstackBANK0             cstackBANK0  0000
__LcstackBANK1             cstackBANK1  0000
__LcstackBANK3             cstackBANK3  0000
__LcstackCOMMON            cstackCOMMON 0000
__LdataBANK1               dataBANK1    0000
__Leeprom_data             eeprom_data  0000
__Lend_init                end_init     0012
__Lfunctab                 functab      0000
__LidataBANK1              idataBANK1   0000
__Linit                    init         0012
__Linittext                inittext     0000
__Lintentry                intentry     0004
__Lmaintext                maintext     0000
__Lpowerup                 powerup      0000
__Lram                     ram          0000
__Lreset_vec               reset_vec    0000
__Lsfr0                    sfr0         0000
__Lsfr1                    sfr1         0000
__Lsfr2                    sfr2         0000
__Lsfr3                    sfr3         0000
__Lspace_0                 (abs)        0000
__Lspace_1                 (abs)        0000
__Lspace_2                 (abs)        0000
__Lspace_3                 (abs)        0000
__Lspace_4                 (abs)        0000
__Lstack                   stack        0000
__Lstrings                 strings      0000
__Ltext                    text         0000
__S0                       (abs)        1000
__S1                       (abs)        0193
__S2                       (abs)        0000
__S3                       (abs)        0000
___flge                    text10       062D
___flge@ff1                cstackBANK1  00DC
___flge@ff2                cstackBANK1  00E0
___fltol                   text21       06D1
___fltol@exp1              cstackCOMMON 007A
___fltol@f1                cstackCOMMON 0070
___fltol@sign1             cstackCOMMON 0079
___int_sp                  stack        0000
___latbits                 (abs)        0002
___lwdiv                   text20       0F6A
___lwdiv@counter           cstackCOMMON 0077
___lwdiv@dividend          cstackCOMMON 0072
___lwdiv@divisor           cstackCOMMON 0070
___lwdiv@quotient          cstackCOMMON 0075
___lwmod                   text19       0EB2
___lwmod@counter           cstackCOMMON 007D
___lwmod@dividend          cstackCOMMON 007A
___lwmod@divisor           cstackCOMMON 0078
___sp                      stack        0000
___stackhi                 (abs)        0000
___stacklo                 (abs)        0000
___xxtofl                  text3        0571
___xxtofl@arg              cstackBANK1  00E6
___xxtofl@exp              cstackBANK1  00E5
___xxtofl@sign             cstackBANK1  00E4
___xxtofl@val              cstackBANK1  00DC
__end_of_Lcd_Clear         text25       0CC7
__end_of_Lcd_Cmd           text12       0D68
__end_of_Lcd_Init          text11       07AE
__end_of_Lcd_Port          text13       0E7B
__end_of_Lcd_Set_Cursor    text24       1000
__end_of_Lcd_Write_Char    text23       0EB2
__end_of_Lcd_Write_String  text22       0D89
__end_of_TrataINT          text14       0F6A
__end_of___flge            text10       06D1
__end_of___fltol           text21       074B
__end_of___lwdiv           text20       0FAE
__end_of___lwmod           text19       0EEC
__end_of___xxtofl          text3        062D
__end_of__initialization   cinit        002B
__end_of__stringtab        strings      0806
__end_of_atualizaLCD       text17       0571
__end_of_dpowers           strings      0810
__end_of_estufaDois        text9        0CEF
__end_of_estufaQuatro      text8        0D04
__end_of_estufaTres        text7        0D19
__end_of_estufaUm          text6        0D2E
__end_of_expandeTela       text5        0E1E
__end_of_iniciaPinos       text4        0800
__end_of_lerSensores       text2        03A9
__end_of_main              maintext     0210
__end_of_recolheTela       text1        0E45
__end_of_sprintf           text18       0491
__end_ofi1_Lcd_Cmd         text26       0D48
__end_ofi1_Lcd_Port        text27       0DAB
__end_ofi1_expandeTela     text16       0DD1
__end_ofi1_recolheTela     text15       0DF7
__initialization           cinit        0015
__pbssBANK0                bssBANK0     0020
__pcstackBANK0             cstackBANK0  003C
__pcstackBANK1             cstackBANK1  00DC
__pcstackBANK3             cstackBANK3  0190
__pcstackCOMMON            cstackCOMMON 0070
__pdataBANK1               dataBANK1    00A0
__pidataBANK1              idataBANK1   0EEC
__pintentry                intentry     0004
__pmaintext                maintext     002F
__pstrings                 strings      0800
__ptext1                   text1        0E1E
__ptext10                  text10       062D
__ptext11                  text11       074B
__ptext12                  text12       0D48
__ptext13                  text13       0E45
__ptext14                  text14       0F28
__ptext15                  text15       0DD1
__ptext16                  text16       0DAB
__ptext17                  text17       0491
__ptext18                  text18       03A9
__ptext19                  text19       0EB2
__ptext2                   text2        0210
__ptext20                  text20       0F6A
__ptext21                  text21       06D1
__ptext22                  text22       0D68
__ptext23                  text23       0E7B
__ptext24                  text24       0FAE
__ptext25                  text25       0CBA
__ptext26                  text26       0D2E
__ptext27                  text27       0D89
__ptext3                   text3        0571
__ptext4                   text4        07AE
__ptext5                   text5        0DF7
__ptext6                   text6        0D19
__ptext7                   text7        0D04
__ptext8                   text8        0CEF
__ptext9                   text9        0CDA
__size_of_Lcd_Clear        (abs)        0000
__size_of_Lcd_Cmd          (abs)        0000
__size_of_Lcd_Init         (abs)        0000
__size_of_Lcd_Port         (abs)        0000
__size_of_Lcd_Set_Cursor   (abs)        0000
__size_of_Lcd_Write_Char   (abs)        0000
__size_of_Lcd_Write_String (abs)        0000
__size_of_TrataINT         (abs)        0000
__size_of___flge           (abs)        0000
__size_of___fltol          (abs)        0000
__size_of___lwdiv          (abs)        0000
__size_of___lwmod          (abs)        0000
__size_of___xxtofl         (abs)        0000
__size_of_atualizaLCD      (abs)        0000
__size_of_estufaDois       (abs)        0000
__size_of_estufaQuatro     (abs)        0000
__size_of_estufaTres       (abs)        0000
__size_of_estufaUm         (abs)        0000
__size_of_expandeTela      (abs)        0000
__size_of_iniciaPinos      (abs)        0000
__size_of_lerSensores      (abs)        0000
__size_of_main             (abs)        0000
__size_of_recolheTela      (abs)        0000
__size_of_sprintf          (abs)        0000
__size_ofi1_Lcd_Cmd        (abs)        0000
__size_ofi1_Lcd_Port       (abs)        0000
__size_ofi1_expandeTela    (abs)        0000
__size_ofi1_recolheTela    (abs)        0000
__stringbase               strings      0805
__stringtab                strings      0800
_atualizaLCD               text17       0491
_buffer0                   dataBANK1    00BE
_buffer1                   dataBANK1    00A0
_dpowers                   strings      0806
_estufaDois                text9        0CDA
_estufaQuatro              text8        0CEF
_estufaTres                text7        0D04
_estufaUm                  text6        0D19
_expandeTela               text5        0DF7
_iniciaPinos               text4        07AE
_lerSensores               text2        0210
_main                      maintext     002F
_recolheTela               text1        0E1E
_sprintf                   text18       03A9
_valor_entry0              bssBANK0     0038
_valor_entry1              bssBANK0     0034
_valor_entry2              bssBANK0     0030
_valor_entry3              bssBANK0     002C
_valor_entry4              bssBANK0     0028
_valor_entry5              bssBANK0     0024
_valor_entry6              bssBANK0     0020
btemp                      (abs)        007E
clear_ram0                 clrtext      0CB2
end_of_initialization      cinit        002B
i1Lcd_Cmd@a                cstackCOMMON 0073
i1Lcd_Port@a               cstackCOMMON 0070
i1_Lcd_Cmd                 text26       0D2E
i1_Lcd_Port                text27       0D89
i1_expandeTela             text16       0DAB
i1_recolheTela             text15       0DD1
init_fetch0                inittext     0CC7
init_ram0                  inittext     0CCB
interrupt_function         intentry     0004
intlevel0                  functab      0000
intlevel1                  functab      0000
intlevel2                  functab      0000
intlevel3                  functab      0000
intlevel4                  functab      0000
intlevel5                  functab      0000
reset_vec                  reset_vec    0000
saved_w                    (abs)        007E
sprintf@ap                 cstackBANK0  0048
sprintf@c                  cstackBANK0  004E
sprintf@f                  cstackBANK0  003C
sprintf@flag               cstackBANK0  0049
sprintf@prec               cstackBANK0  004A
sprintf@sp                 cstackBANK0  004D
sprintf@val                cstackBANK0  004B
start                      init         0012
start_initialization       cinit        0015
wtemp0                     (abs)        007E


MODULE INFORMATION

Module		Function		Class		Link	Load	Size
C:\Program Files\Microchip\xc8\v2.32\pic\sources\c90\common\flge.c
		___flge        		CODE           	062D	0000	164

C:\Program Files\Microchip\xc8\v2.32\pic\sources\c90\common\flge.c estimated size: 164

C:\Program Files\Microchip\xc8\v2.32\pic\sources\c90\common\xxtofl.c
		___xxtofl      		CODE           	0571	0000	188

C:\Program Files\Microchip\xc8\v2.32\pic\sources\c90\common\xxtofl.c estimated size: 188

./lcd.h
		_Lcd_Write_String		CODE           	0D68	0000	33
		_Lcd_Init      		CODE           	074B	0000	99
		_Lcd_Write_Char		CODE           	0E7B	0000	55
		_Lcd_Cmd       		CODE           	0D48	0000	32
		_Lcd_Set_Cursor		CODE           	0FAE	0000	82
		_Lcd_Clear     		CODE           	0CBA	0000	13
		_Lcd_Port      		CODE           	0E45	0000	54

./lcd.h estimated size: 368

C:\Program Files\Microchip\xc8\v2.32\pic\sources\c90\common\lwmod.c
		___lwmod       		CODE           	0EB2	0000	58

C:\Program Files\Microchip\xc8\v2.32\pic\sources\c90\common\lwmod.c estimated size: 58

shared
		__stringtab    		STRING         	0800	0000	6
		_dpowers       		STRING         	0806	0000	10
		i1_Lcd_Port    		CODE           	0D89	0000	34
		i1_Lcd_Cmd     		CODE           	0D2E	0000	26
		__initialization		CODE           	0015	0000	22
		i1_expandeTela 		CODE           	0DAB	0000	38
		i1_recolheTela 		CODE           	0DD1	0000	38

shared estimated size: 174

C:\Program Files\Microchip\xc8\v2.32\pic\sources\c90\common\doprnt.c
		_sprintf       		CODE           	03A9	0000	232

C:\Program Files\Microchip\xc8\v2.32\pic\sources\c90\common\doprnt.c estimated size: 232

C:\Program Files\Microchip\xc8\v2.32\pic\sources\c90\common\lwdiv.c
		___lwdiv       		CODE           	0F6A	0000	68

C:\Program Files\Microchip\xc8\v2.32\pic\sources\c90\common\lwdiv.c estimated size: 68

main.c
		_TrataINT      		CODE           	0F28	0000	66
		_estufaUm      		CODE           	0D19	0000	21
		_iniciaPinos   		CODE           	07AE	0000	82
		_recolheTela   		CODE           	0E1E	0000	39
		_main          		CODE           	002F	0000	481
		_estufaDois    		CODE           	0CDA	0000	21
		_estufaQuatro  		CODE           	0CEF	0000	21
		_estufaTres    		CODE           	0D04	0000	21
		_atualizaLCD   		CODE           	0491	0000	224
		_expandeTela   		CODE           	0DF7	0000	39
		_lerSensores   		CODE           	0210	0000	409

main.c estimated size: 1424

C:\Program Files\Microchip\xc8\v2.32\pic\sources\c90\common\fltol.c
		___fltol       		CODE           	06D1	0000	122

C:\Program Files\Microchip\xc8\v2.32\pic\sources\c90\common\fltol.c estimated size: 122

